Archive member included to satisfy reference by file (symbol)

c:/ac6/systemworkbench/plugins/fr.ac6.mcu.externaltools.arm-none.win32_1.17.0.201812190825/tools/compiler/bin/../lib/gcc/arm-none-eabi/7.3.1/../../../../arm-none-eabi/lib/thumb/v7-m\libc_nano.a(lib_a-errno.o)
                              Core/Src/syscalls.o (__errno)
c:/ac6/systemworkbench/plugins/fr.ac6.mcu.externaltools.arm-none.win32_1.17.0.201812190825/tools/compiler/bin/../lib/gcc/arm-none-eabi/7.3.1/../../../../arm-none-eabi/lib/thumb/v7-m\libc_nano.a(lib_a-exit.o)
                              c:/ac6/systemworkbench/plugins/fr.ac6.mcu.externaltools.arm-none.win32_1.17.0.201812190825/tools/compiler/bin/../lib/gcc/arm-none-eabi/7.3.1/../../../../arm-none-eabi/lib/thumb/v7-m/crt0.o (exit)
c:/ac6/systemworkbench/plugins/fr.ac6.mcu.externaltools.arm-none.win32_1.17.0.201812190825/tools/compiler/bin/../lib/gcc/arm-none-eabi/7.3.1/../../../../arm-none-eabi/lib/thumb/v7-m\libc_nano.a(lib_a-impure.o)
                              c:/ac6/systemworkbench/plugins/fr.ac6.mcu.externaltools.arm-none.win32_1.17.0.201812190825/tools/compiler/bin/../lib/gcc/arm-none-eabi/7.3.1/../../../../arm-none-eabi/lib/thumb/v7-m\libc_nano.a(lib_a-exit.o) (_global_impure_ptr)
c:/ac6/systemworkbench/plugins/fr.ac6.mcu.externaltools.arm-none.win32_1.17.0.201812190825/tools/compiler/bin/../lib/gcc/arm-none-eabi/7.3.1/../../../../arm-none-eabi/lib/thumb/v7-m\libc_nano.a(lib_a-init.o)
                              c:/ac6/systemworkbench/plugins/fr.ac6.mcu.externaltools.arm-none.win32_1.17.0.201812190825/tools/compiler/bin/../lib/gcc/arm-none-eabi/7.3.1/../../../../arm-none-eabi/lib/thumb/v7-m/crt0.o (__libc_init_array)
c:/ac6/systemworkbench/plugins/fr.ac6.mcu.externaltools.arm-none.win32_1.17.0.201812190825/tools/compiler/bin/../lib/gcc/arm-none-eabi/7.3.1/../../../../arm-none-eabi/lib/thumb/v7-m\libc_nano.a(lib_a-memset.o)
                              c:/ac6/systemworkbench/plugins/fr.ac6.mcu.externaltools.arm-none.win32_1.17.0.201812190825/tools/compiler/bin/../lib/gcc/arm-none-eabi/7.3.1/../../../../arm-none-eabi/lib/thumb/v7-m/crt0.o (memset)

Allocating common symbols
Common symbol       size              file

htim4               0x48              Core/Src/main.o
uwTick              0x4               Drivers/STM32F1xx_HAL_Driver/Src/stm32f1xx_hal.o
pFlash              0x20              Drivers/STM32F1xx_HAL_Driver/Src/stm32f1xx_hal_flash.o

Discarded input sections

 .text          0x00000000        0x0 c:/ac6/systemworkbench/plugins/fr.ac6.mcu.externaltools.arm-none.win32_1.17.0.201812190825/tools/compiler/bin/../lib/gcc/arm-none-eabi/7.3.1/thumb/v7-m/crti.o
 .data          0x00000000        0x0 c:/ac6/systemworkbench/plugins/fr.ac6.mcu.externaltools.arm-none.win32_1.17.0.201812190825/tools/compiler/bin/../lib/gcc/arm-none-eabi/7.3.1/thumb/v7-m/crti.o
 .bss           0x00000000        0x0 c:/ac6/systemworkbench/plugins/fr.ac6.mcu.externaltools.arm-none.win32_1.17.0.201812190825/tools/compiler/bin/../lib/gcc/arm-none-eabi/7.3.1/thumb/v7-m/crti.o
 .data          0x00000000        0x4 c:/ac6/systemworkbench/plugins/fr.ac6.mcu.externaltools.arm-none.win32_1.17.0.201812190825/tools/compiler/bin/../lib/gcc/arm-none-eabi/7.3.1/thumb/v7-m/crtbegin.o
 .text          0x00000000       0x74 c:/ac6/systemworkbench/plugins/fr.ac6.mcu.externaltools.arm-none.win32_1.17.0.201812190825/tools/compiler/bin/../lib/gcc/arm-none-eabi/7.3.1/../../../../arm-none-eabi/lib/thumb/v7-m/crt0.o
 .data          0x00000000        0x0 c:/ac6/systemworkbench/plugins/fr.ac6.mcu.externaltools.arm-none.win32_1.17.0.201812190825/tools/compiler/bin/../lib/gcc/arm-none-eabi/7.3.1/../../../../arm-none-eabi/lib/thumb/v7-m/crt0.o
 .bss           0x00000000        0x0 c:/ac6/systemworkbench/plugins/fr.ac6.mcu.externaltools.arm-none.win32_1.17.0.201812190825/tools/compiler/bin/../lib/gcc/arm-none-eabi/7.3.1/../../../../arm-none-eabi/lib/thumb/v7-m/crt0.o
 .ARM.extab     0x00000000        0x0 c:/ac6/systemworkbench/plugins/fr.ac6.mcu.externaltools.arm-none.win32_1.17.0.201812190825/tools/compiler/bin/../lib/gcc/arm-none-eabi/7.3.1/../../../../arm-none-eabi/lib/thumb/v7-m/crt0.o
 .ARM.exidx     0x00000000        0x8 c:/ac6/systemworkbench/plugins/fr.ac6.mcu.externaltools.arm-none.win32_1.17.0.201812190825/tools/compiler/bin/../lib/gcc/arm-none-eabi/7.3.1/../../../../arm-none-eabi/lib/thumb/v7-m/crt0.o
 .ARM.attributes
                0x00000000       0x1b c:/ac6/systemworkbench/plugins/fr.ac6.mcu.externaltools.arm-none.win32_1.17.0.201812190825/tools/compiler/bin/../lib/gcc/arm-none-eabi/7.3.1/../../../../arm-none-eabi/lib/thumb/v7-m/crt0.o
 .group         0x00000000        0xc Core/Src/main.o
 .group         0x00000000        0xc Core/Src/main.o
 .group         0x00000000        0xc Core/Src/main.o
 .group         0x00000000        0xc Core/Src/main.o
 .group         0x00000000        0xc Core/Src/main.o
 .group         0x00000000        0xc Core/Src/main.o
[...]
Memory Configuration

Name             Origin             Length             Attributes
RAM              0x20000000         0x00005000         xrw
FLASH            0x08000000         0x00020000         xr
*default*        0x00000000         0xffffffff

Linker script and memory map

LOAD c:/ac6/systemworkbench/plugins/fr.ac6.mcu.externaltools.arm-none.win32_1.17.0.201812190825/tools/compiler/bin/../lib/gcc/arm-none-eabi/7.3.1/thumb/v7-m/crti.o
LOAD c:/ac6/systemworkbench/plugins/fr.ac6.mcu.externaltools.arm-none.win32_1.17.0.201812190825/tools/compiler/bin/../lib/gcc/arm-none-eabi/7.3.1/thumb/v7-m/crtbegin.o
LOAD c:/ac6/systemworkbench/plugins/fr.ac6.mcu.externaltools.arm-none.win32_1.17.0.201812190825/tools/compiler/bin/../lib/gcc/arm-none-eabi/7.3.1/../../../../arm-none-eabi/lib/thumb/v7-m/crt0.o
LOAD Core/Src/main.o
LOAD Core/Src/stm32f1xx_hal_msp.o
LOAD Core/Src/stm32f1xx_it.o
LOAD Core/Src/syscalls.o
LOAD Core/Src/system_stm32f1xx.o
LOAD Drivers/STM32F1xx_HAL_Driver/Src/stm32f1xx_hal.o
LOAD Drivers/STM32F1xx_HAL_Driver/Src/stm32f1xx_hal_cortex.o
LOAD Drivers/STM32F1xx_HAL_Driver/Src/stm32f1xx_hal_dma.o
LOAD Drivers/STM32F1xx_HAL_Driver/Src/stm32f1xx_hal_exti.o
LOAD Drivers/STM32F1xx_HAL_Driver/Src/stm32f1xx_hal_flash.o
LOAD Drivers/STM32F1xx_HAL_Driver/Src/stm32f1xx_hal_flash_ex.o
LOAD Drivers/STM32F1xx_HAL_Driver/Src/stm32f1xx_hal_gpio.o
LOAD Drivers/STM32F1xx_HAL_Driver/Src/stm32f1xx_hal_gpio_ex.o
LOAD Drivers/STM32F1xx_HAL_Driver/Src/stm32f1xx_hal_pwr.o
LOAD Drivers/STM32F1xx_HAL_Driver/Src/stm32f1xx_hal_rcc.o
LOAD Drivers/STM32F1xx_HAL_Driver/Src/stm32f1xx_hal_rcc_ex.o
LOAD Drivers/STM32F1xx_HAL_Driver/Src/stm32f1xx_hal_tim.o
LOAD Drivers/STM32F1xx_HAL_Driver/Src/stm32f1xx_hal_tim_ex.o
LOAD startup/startup_stm32f103xb.o
LOAD c:/ac6/systemworkbench/plugins/fr.ac6.mcu.externaltools.arm-none.win32_1.17.0.201812190825/tools/compiler/bin/../lib/gcc/arm-none-eabi/7.3.1/../../../../arm-none-eabi/lib/thumb/v7-m\libm.a
START GROUP
LOAD c:/ac6/systemworkbench/plugins/fr.ac6.mcu.externaltools.arm-none.win32_1.17.0.201812190825/tools/compiler/bin/../lib/gcc/arm-none-eabi/7.3.1/thumb/v7-m\libgcc.a
LOAD c:/ac6/systemworkbench/plugins/fr.ac6.mcu.externaltools.arm-none.win32_1.17.0.201812190825/tools/compiler/bin/../lib/gcc/arm-none-eabi/7.3.1/../../../../arm-none-eabi/lib/thumb/v7-m\libc_nano.a
END GROUP
START GROUP
LOAD c:/ac6/systemworkbench/plugins/fr.ac6.mcu.externaltools.arm-none.win32_1.17.0.201812190825/tools/compiler/bin/../lib/gcc/arm-none-eabi/7.3.1/thumb/v7-m\libgcc.a
LOAD c:/ac6/systemworkbench/plugins/fr.ac6.mcu.externaltools.arm-none.win32_1.17.0.201812190825/tools/compiler/bin/../lib/gcc/arm-none-eabi/7.3.1/../../../../arm-none-eabi/lib/thumb/v7-m\libc_nano.a
LOAD c:/ac6/systemworkbench/plugins/fr.ac6.mcu.externaltools.arm-none.win32_1.17.0.201812190825/tools/compiler/bin/../lib/gcc/arm-none-eabi/7.3.1/../../../../arm-none-eabi/lib/thumb/v7-m\libnosys.a
END GROUP
START GROUP
LOAD c:/ac6/systemworkbench/plugins/fr.ac6.mcu.externaltools.arm-none.win32_1.17.0.201812190825/tools/compiler/bin/../lib/gcc/arm-none-eabi/7.3.1/thumb/v7-m\libgcc.a
LOAD c:/ac6/systemworkbench/plugins/fr.ac6.mcu.externaltools.arm-none.win32_1.17.0.201812190825/tools/compiler/bin/../lib/gcc/arm-none-eabi/7.3.1/../../../../arm-none-eabi/lib/thumb/v7-m\libc_nano.a
LOAD c:/ac6/systemworkbench/plugins/fr.ac6.mcu.externaltools.arm-none.win32_1.17.0.201812190825/tools/compiler/bin/../lib/gcc/arm-none-eabi/7.3.1/../../../../arm-none-eabi/lib/thumb/v7-m\libnosys.a
END GROUP
LOAD c:/ac6/systemworkbench/plugins/fr.ac6.mcu.externaltools.arm-none.win32_1.17.0.201812190825/tools/compiler/bin/../lib/gcc/arm-none-eabi/7.3.1/thumb/v7-m/crtend.o
LOAD c:/ac6/systemworkbench/plugins/fr.ac6.mcu.externaltools.arm-none.win32_1.17.0.201812190825/tools/compiler/bin/../lib/gcc/arm-none-eabi/7.3.1/thumb/v7-m/crtn.o
                0x20005000                _estack = 0x20005000
                0x00000200                _Min_Heap_Size = 0x200
                0x00000400                _Min_Stack_Size = 0x400

.isr_vector     0x08000000      0x10c
                0x08000000                . = ALIGN (0x4)
 *(.isr_vector)
 .isr_vector    0x08000000      0x10c startup/startup_stm32f103xb.o
                0x08000000                g_pfnVectors
                0x0800010c                . = ALIGN (0x4)

.text           0x0800010c     0x13d4
                0x0800010c                . = ALIGN (0x4)
 *(.text)
 .text          0x0800010c       0x40 c:/ac6/systemworkbench/plugins/fr.ac6.mcu.externaltools.arm-none.win32_1.17.0.201812190825/tools/compiler/bin/../lib/gcc/arm-none-eabi/7.3.1/thumb/v7-m/crtbegin.o
 *(.text*)
 .text.MX_GPIO_Init
                0x0800014c       0x20 Core/Src/main.o
 .text.MX_TIM4_Init
                0x0800016c       0x88 Core/Src/main.o
 .text.SystemClock_Config
                0x080001f4       0x44 Core/Src/main.o
                0x080001f4                SystemClock_Config
 .text.setPWM   0x08000238       0x4e Core/Src/main.o
                0x08000238                setPWM
 *fill*         0x08000286        0x2 
 .text.main     0x08000288       0xcc Core/Src/main.o
                0x08000288                main
 .text.HAL_MspInit
                0x08000354       0x44 Core/Src/stm32f1xx_hal_msp.o
                0x08000354                HAL_MspInit
 .text.HAL_TIM_Base_MspInit
                0x08000398       0x2c Core/Src/stm32f1xx_hal_msp.o
                0x08000398                HAL_TIM_Base_MspInit
 .text.HAL_TIM_MspPostInit
                0x080003c4       0x50 Core/Src/stm32f1xx_hal_msp.o
                0x080003c4                HAL_TIM_MspPostInit
 .text.NMI_Handler
                0x08000414        0x2 Core/Src/stm32f1xx_it.o
                0x08000414                NMI_Handler
 .text.HardFault_Handler
                0x08000416        0x2 Core/Src/stm32f1xx_it.o
                0x08000416                HardFault_Handler
 .text.MemManage_Handler
                0x08000418        0x2 Core/Src/stm32f1xx_it.o
                0x08000418                MemManage_Handler
 .text.BusFault_Handler
                0x0800041a        0x2 Core/Src/stm32f1xx_it.o
                0x0800041a                BusFault_Handler
 .text.UsageFault_Handler
                0x0800041c        0x2 Core/Src/stm32f1xx_it.o
                0x0800041c                UsageFault_Handler
 .text.SVC_Handler
                0x0800041e        0x2 Core/Src/stm32f1xx_it.o
                0x0800041e                SVC_Handler
 .text.DebugMon_Handler
                0x08000420        0x2 Core/Src/stm32f1xx_it.o
                0x08000420                DebugMon_Handler
 .text.PendSV_Handler
                0x08000422        0x2 Core/Src/stm32f1xx_it.o
                0x08000422                PendSV_Handler
 .text.SysTick_Handler
                0x08000424        0x8 Core/Src/stm32f1xx_it.o
                0x08000424                SysTick_Handler
 .text.SystemInit
                0x0800042c        0x2 Core/Src/system_stm32f1xx.o
                0x0800042c                SystemInit
 *fill*         0x0800042e        0x2 
 .text.HAL_InitTick
                0x08000430       0x48 Drivers/STM32F1xx_HAL_Driver/Src/stm32f1xx_hal.o
                0x08000430                HAL_InitTick
 .text.HAL_Init
                0x08000478       0x24 Drivers/STM32F1xx_HAL_Driver/Src/stm32f1xx_hal.o
                0x08000478                HAL_Init
 .text.HAL_IncTick
                0x0800049c       0x18 Drivers/STM32F1xx_HAL_Driver/Src/stm32f1xx_hal.o
                0x0800049c                HAL_IncTick
 .text.HAL_GetTick
                0x080004b4        0xc Drivers/STM32F1xx_HAL_Driver/Src/stm32f1xx_hal.o
                0x080004b4                HAL_GetTick
 .text.HAL_Delay
                0x080004c0       0x28 Drivers/STM32F1xx_HAL_Driver/Src/stm32f1xx_hal.o
                0x080004c0                HAL_Delay
 .text.HAL_NVIC_SetPriorityGrouping
                0x080004e8       0x24 Drivers/STM32F1xx_HAL_Driver/Src/stm32f1xx_hal_cortex.o
                0x080004e8                HAL_NVIC_SetPriorityGrouping
 .text.HAL_NVIC_SetPriority
                0x0800050c       0x68 Drivers/STM32F1xx_HAL_Driver/Src/stm32f1xx_hal_cortex.o
                0x0800050c                HAL_NVIC_SetPriority
 .text.HAL_SYSTICK_Config
                0x08000574       0x2c Drivers/STM32F1xx_HAL_Driver/Src/stm32f1xx_hal_cortex.o
                0x08000574                HAL_SYSTICK_Config
 .text.HAL_GPIO_Init
                0x080005a0      0x1d8 Drivers/STM32F1xx_HAL_Driver/Src/stm32f1xx_hal_gpio.o
                0x080005a0                HAL_GPIO_Init
 .text.RCC_Delay
                0x08000778       0x2c Drivers/STM32F1xx_HAL_Driver/Src/stm32f1xx_hal_rcc.o
 .text.HAL_RCC_OscConfig
                0x080007a4      0x410 Drivers/STM32F1xx_HAL_Driver/Src/stm32f1xx_hal_rcc.o
                0x080007a4                HAL_RCC_OscConfig
 .text.HAL_RCC_GetSysClockFreq
                0x08000bb4       0x70 Drivers/STM32F1xx_HAL_Driver/Src/stm32f1xx_hal_rcc.o
                0x08000bb4                HAL_RCC_GetSysClockFreq
 .text.HAL_RCC_ClockConfig
                0x08000c24      0x168 Drivers/STM32F1xx_HAL_Driver/Src/stm32f1xx_hal_rcc.o
                0x08000c24                HAL_RCC_ClockConfig
 .text.TIM_OC1_SetConfig
                0x08000d8c       0x5c Drivers/STM32F1xx_HAL_Driver/Src/stm32f1xx_hal_tim.o
 .text.TIM_OC3_SetConfig
                0x08000de8       0x64 Drivers/STM32F1xx_HAL_Driver/Src/stm32f1xx_hal_tim.o
 .text.TIM_OC4_SetConfig
                0x08000e4c       0x48 Drivers/STM32F1xx_HAL_Driver/Src/stm32f1xx_hal_tim.o
 .text.TIM_TI1_ConfigInputStage
                0x08000e94       0x24 Drivers/STM32F1xx_HAL_Driver/Src/stm32f1xx_hal_tim.o
 .text.TIM_TI2_ConfigInputStage
                0x08000eb8       0x26 Drivers/STM32F1xx_HAL_Driver/Src/stm32f1xx_hal_tim.o
 .text.TIM_ITRx_SetConfig
                0x08000ede       0x10 Drivers/STM32F1xx_HAL_Driver/Src/stm32f1xx_hal_tim.o
 .text.HAL_TIM_PWM_MspInit
                0x08000eee        0x2 Drivers/STM32F1xx_HAL_Driver/Src/stm32f1xx_hal_tim.o
                0x08000eee                HAL_TIM_PWM_MspInit
 .text.TIM_Base_SetConfig
                0x08000ef0       0x74 Drivers/STM32F1xx_HAL_Driver/Src/stm32f1xx_hal_tim.o
                0x08000ef0                TIM_Base_SetConfig
 .text.HAL_TIM_Base_Init
                0x08000f64       0x56 Drivers/STM32F1xx_HAL_Driver/Src/stm32f1xx_hal_tim.o
                0x08000f64                HAL_TIM_Base_Init
 .text.HAL_TIM_PWM_Init
                0x08000fba       0x56 Drivers/STM32F1xx_HAL_Driver/Src/stm32f1xx_hal_tim.o
                0x08000fba                HAL_TIM_PWM_Init
 .text.TIM_OC2_SetConfig
                0x08001010       0x64 Drivers/STM32F1xx_HAL_Driver/Src/stm32f1xx_hal_tim.o
                0x08001010                TIM_OC2_SetConfig
 .text.HAL_TIM_PWM_ConfigChannel
                0x08001074       0xd0 Drivers/STM32F1xx_HAL_Driver/Src/stm32f1xx_hal_tim.o
                0x08001074                HAL_TIM_PWM_ConfigChannel
 .text.TIM_ETR_SetConfig
                0x08001144       0x16 Drivers/STM32F1xx_HAL_Driver/Src/stm32f1xx_hal_tim.o
                0x08001144                TIM_ETR_SetConfig
 .text.HAL_TIM_ConfigClockSource
                0x0800115a       0xda Drivers/STM32F1xx_HAL_Driver/Src/stm32f1xx_hal_tim.o
                0x0800115a                HAL_TIM_ConfigClockSource
 .text.TIM_CCxChannelCmd
                0x08001234       0x20 Drivers/STM32F1xx_HAL_Driver/Src/stm32f1xx_hal_tim.o
                0x08001234                TIM_CCxChannelCmd
 .text.HAL_TIM_PWM_Start
                0x08001254       0xe4 Drivers/STM32F1xx_HAL_Driver/Src/stm32f1xx_hal_tim.o
                0x08001254                HAL_TIM_PWM_Start
 .text.HAL_TIM_PWM_Stop
                0x08001338       0x84 Drivers/STM32F1xx_HAL_Driver/Src/stm32f1xx_hal_tim.o
                0x08001338                HAL_TIM_PWM_Stop
 .text.HAL_TIMEx_MasterConfigSynchronization
                0x080013bc       0x68 Drivers/STM32F1xx_HAL_Driver/Src/stm32f1xx_hal_tim_ex.o
                0x080013bc                HAL_TIMEx_MasterConfigSynchronization
 .text.Reset_Handler
                0x08001424       0x48 startup/startup_stm32f103xb.o
                0x08001424                Reset_Handler
 .text.Default_Handler
                0x0800146c        0x2 startup/startup_stm32f103xb.o
                0x0800146c                RTC_Alarm_IRQHandler
                0x0800146c                EXTI2_IRQHandler
                0x0800146c                TIM1_CC_IRQHandler
                0x0800146c                PVD_IRQHandler
                0x0800146c                EXTI3_IRQHandler
                0x0800146c                EXTI0_IRQHandler
                0x0800146c                I2C2_EV_IRQHandler
                0x0800146c                ADC1_2_IRQHandler
                0x0800146c                SPI1_IRQHandler
                0x0800146c                TAMPER_IRQHandler
                0x0800146c                DMA1_Channel4_IRQHandler
                0x0800146c                USART3_IRQHandler
                0x0800146c                RTC_IRQHandler
                0x0800146c                DMA1_Channel7_IRQHandler
                0x0800146c                CAN1_RX1_IRQHandler
                0x0800146c                TIM4_IRQHandler
                0x0800146c                I2C1_EV_IRQHandler
                0x0800146c                DMA1_Channel6_IRQHandler
                0x0800146c                TIM3_IRQHandler
                0x0800146c                RCC_IRQHandler
                0x0800146c                TIM1_TRG_COM_IRQHandler
                0x0800146c                DMA1_Channel1_IRQHandler
                0x0800146c                Default_Handler
                0x0800146c                EXTI15_10_IRQHandler
                0x0800146c                EXTI9_5_IRQHandler
                0x0800146c                SPI2_IRQHandler
                0x0800146c                DMA1_Channel5_IRQHandler
                0x0800146c                EXTI4_IRQHandler
                0x0800146c                USB_LP_CAN1_RX0_IRQHandler
                0x0800146c                USB_HP_CAN1_TX_IRQHandler
                0x0800146c                DMA1_Channel3_IRQHandler
                0x0800146c                TIM1_UP_IRQHandler
                0x0800146c                WWDG_IRQHandler
                0x0800146c                TIM2_IRQHandler
                0x0800146c                TIM1_BRK_IRQHandler
                0x0800146c                EXTI1_IRQHandler
                0x0800146c                USART2_IRQHandler
                0x0800146c                I2C2_ER_IRQHandler
                0x0800146c                DMA1_Channel2_IRQHandler
                0x0800146c                CAN1_SCE_IRQHandler
                0x0800146c                FLASH_IRQHandler
                0x0800146c                USART1_IRQHandler
                0x0800146c                I2C1_ER_IRQHandler
                0x0800146c                USBWakeUp_IRQHandler
 *fill*         0x0800146e        0x2 
 .text.__libc_init_array
                0x08001470       0x48 c:/ac6/systemworkbench/plugins/fr.ac6.mcu.externaltools.arm-none.win32_1.17.0.201812190825/tools/compiler/bin/../lib/gcc/arm-none-eabi/7.3.1/../../../../arm-none-eabi/lib/thumb/v7-m\libc_nano.a(lib_a-init.o)
                0x08001470                __libc_init_array
 .text.memset   0x080014b8       0x10 c:/ac6/systemworkbench/plugins/fr.ac6.mcu.externaltools.arm-none.win32_1.17.0.201812190825/tools/compiler/bin/../lib/gcc/arm-none-eabi/7.3.1/../../../../arm-none-eabi/lib/thumb/v7-m\libc_nano.a(lib_a-memset.o)
                0x080014b8                memset
 *(.glue_7)
 .glue_7        0x080014c8        0x0 linker stubs
 *(.glue_7t)
 .glue_7t       0x080014c8        0x0 linker stubs
 *(.eh_frame)
 .eh_frame      0x080014c8        0x0 c:/ac6/systemworkbench/plugins/fr.ac6.mcu.externaltools.arm-none.win32_1.17.0.201812190825/tools/compiler/bin/../lib/gcc/arm-none-eabi/7.3.1/thumb/v7-m/crtbegin.o
 *(.init)
 .init          0x080014c8        0x4 c:/ac6/systemworkbench/plugins/fr.ac6.mcu.externaltools.arm-none.win32_1.17.0.201812190825/tools/compiler/bin/../lib/gcc/arm-none-eabi/7.3.1/thumb/v7-m/crti.o
                0x080014c8                _init
 .init          0x080014cc        0x8 c:/ac6/systemworkbench/plugins/fr.ac6.mcu.externaltools.arm-none.win32_1.17.0.201812190825/tools/compiler/bin/../lib/gcc/arm-none-eabi/7.3.1/thumb/v7-m/crtn.o
 *(.fini)
 .fini          0x080014d4        0x4 c:/ac6/systemworkbench/plugins/fr.ac6.mcu.externaltools.arm-none.win32_1.17.0.201812190825/tools/compiler/bin/../lib/gcc/arm-none-eabi/7.3.1/thumb/v7-m/crti.o
                0x080014d4                _fini
 .fini          0x080014d8        0x8 c:/ac6/systemworkbench/plugins/fr.ac6.mcu.externaltools.arm-none.win32_1.17.0.201812190825/tools/compiler/bin/../lib/gcc/arm-none-eabi/7.3.1/thumb/v7-m/crtn.o
                0x080014e0                . = ALIGN (0x4)
                0x080014e0                _etext = .

.vfp11_veneer   0x080014e0        0x0
 .vfp11_veneer  0x080014e0        0x0 linker stubs

.v4_bx          0x080014e0        0x0
 .v4_bx         0x080014e0        0x0 linker stubs

.iplt           0x080014e0        0x0
 .iplt          0x080014e0        0x0 c:/ac6/systemworkbench/plugins/fr.ac6.mcu.externaltools.arm-none.win32_1.17.0.201812190825/tools/compiler/bin/../lib/gcc/arm-none-eabi/7.3.1/thumb/v7-m/crtbegin.o

.rodata         0x080014e0       0x2c
                0x080014e0                . = ALIGN (0x4)
 *(.rodata)
 .rodata        0x080014e0       0x18 Core/Src/system_stm32f1xx.o
                0x080014e0                AHBPrescTable
                0x080014f0                APBPrescTable
 .rodata        0x080014f8       0x12 Drivers/STM32F1xx_HAL_Driver/Src/stm32f1xx_hal_rcc.o
 *(.rodata*)
                0x0800150c                . = ALIGN (0x4)
 *fill*         0x0800150a        0x2 

.rel.dyn        0x0800150c        0x0
 .rel.iplt      0x0800150c        0x0 c:/ac6/systemworkbench/plugins/fr.ac6.mcu.externaltools.arm-none.win32_1.17.0.201812190825/tools/compiler/bin/../lib/gcc/arm-none-eabi/7.3.1/thumb/v7-m/crtbegin.o

.ARM.extab
 *(.ARM.extab* .gnu.linkonce.armextab.*)

.ARM            0x0800150c        0x0
                0x0800150c                __exidx_start = .
 *(.ARM.exidx*)
                0x0800150c                __exidx_end = .

.preinit_array  0x0800150c        0x0
                0x0800150c                PROVIDE (__preinit_array_start = .)
 *(.preinit_array*)
                0x0800150c                PROVIDE (__preinit_array_end = .)

.init_array     0x0800150c        0x4
                0x0800150c                PROVIDE (__init_array_start = .)
 *(SORT_BY_NAME(.init_array.*))
 *(.init_array*)
 .init_array    0x0800150c        0x4 c:/ac6/systemworkbench/plugins/fr.ac6.mcu.externaltools.arm-none.win32_1.17.0.201812190825/tools/compiler/bin/../lib/gcc/arm-none-eabi/7.3.1/thumb/v7-m/crtbegin.o
                0x08001510                PROVIDE (__init_array_end = .)

.fini_array     0x08001510        0x4
                [!provide]                PROVIDE (__fini_array_start = .)
 *(SORT_BY_NAME(.fini_array.*))
 *(.fini_array*)
 .fini_array    0x08001510        0x4 c:/ac6/systemworkbench/plugins/fr.ac6.mcu.externaltools.arm-none.win32_1.17.0.201812190825/tools/compiler/bin/../lib/gcc/arm-none-eabi/7.3.1/thumb/v7-m/crtbegin.o
                [!provide]                PROVIDE (__fini_array_end = .)
                0x08001514                _sidata = LOADADDR (.data)

.data           0x20000000        0xc load address 0x08001514
                0x20000000                . = ALIGN (0x4)
                0x20000000                _sdata = .
 *(.data)
 .data          0x20000000        0x4 Core/Src/system_stm32f1xx.o
                0x20000000                SystemCoreClock
 .data          0x20000004        0x8 Drivers/STM32F1xx_HAL_Driver/Src/stm32f1xx_hal.o
                0x20000004                uwTickFreq
                0x20000008                uwTickPrio
 *(.data*)
                0x2000000c                . = ALIGN (0x4)
                0x2000000c                _edata = .

.igot.plt       0x2000000c        0x0 load address 0x08001520
 .igot.plt      0x2000000c        0x0 c:/ac6/systemworkbench/plugins/fr.ac6.mcu.externaltools.arm-none.win32_1.17.0.201812190825/tools/compiler/bin/../lib/gcc/arm-none-eabi/7.3.1/thumb/v7-m/crtbegin.o
                0x2000000c                . = ALIGN (0x4)

.bss            0x2000000c       0x68 load address 0x08001520
                0x2000000c                _sbss = .
                0x2000000c                __bss_start__ = _sbss
 *(.bss)
 .bss           0x2000000c       0x1c c:/ac6/systemworkbench/plugins/fr.ac6.mcu.externaltools.arm-none.win32_1.17.0.201812190825/tools/compiler/bin/../lib/gcc/arm-none-eabi/7.3.1/thumb/v7-m/crtbegin.o
 *(.bss*)
 *(COMMON)
 COMMON         0x20000028       0x48 Core/Src/main.o
                0x20000028                htim4
 COMMON         0x20000070        0x4 Drivers/STM32F1xx_HAL_Driver/Src/stm32f1xx_hal.o
                0x20000070                uwTick
                0x20000074                . = ALIGN (0x4)
                0x20000074                _ebss = .
                0x20000074                __bss_end__ = _ebss

._user_heap_stack
                0x20000074      0x604 load address 0x08001520
                0x20000078                . = ALIGN (0x8)
 *fill*         0x20000074        0x4 
                0x20000078                PROVIDE (end = .)
                [!provide]                PROVIDE (_end = .)
                0x20000278                . = (. + _Min_Heap_Size)
 *fill*         0x20000078      0x200 
                0x20000678                . = (. + _Min_Stack_Size)
 *fill*         0x20000278      0x400 
                0x20000678                . = ALIGN (0x8)

/DISCARD/
 libc.a(*)
 libm.a(*)
 libgcc.a(*)

.ARM.attributes
                0x00000000       0x29
 *(.ARM.attributes)
 .ARM.attributes
                0x00000000       0x1d c:/ac6/systemworkbench/plugins/fr.ac6.mcu.externaltools.arm-none.win32_1.17.0.201812190825/tools/compiler/bin/../lib/gcc/arm-none-eabi/7.3.1/thumb/v7-m/crti.o
 .ARM.attributes
                0x0000001d       0x2d c:/ac6/systemworkbench/plugins/fr.ac6.mcu.externaltools.arm-none.win32_1.17.0.201812190825/tools/compiler/bin/../lib/gcc/arm-none-eabi/7.3.1/thumb/v7-m/crtbegin.o
 .ARM.attributes
                0x0000004a       0x33 Core/Src/main.o
 .ARM.attributes
                0x0000007d       0x33 Core/Src/stm32f1xx_hal_msp.o
 .ARM.attributes
                0x000000b0       0x33 Core/Src/stm32f1xx_it.o
 .ARM.attributes
                0x000000e3       0x33 Core/Src/system_stm32f1xx.o
 .ARM.attributes
                0x00000116       0x33 Drivers/STM32F1xx_HAL_Driver/Src/stm32f1xx_hal.o
 .ARM.attributes
                0x00000149       0x33 Drivers/STM32F1xx_HAL_Driver/Src/stm32f1xx_hal_cortex.o
 .ARM.attributes
                0x0000017c       0x33 Drivers/STM32F1xx_HAL_Driver/Src/stm32f1xx_hal_gpio.o
 .ARM.attributes
                0x000001af       0x33 Drivers/STM32F1xx_HAL_Driver/Src/stm32f1xx_hal_rcc.o
 .ARM.attributes
                0x000001e2       0x33 Drivers/STM32F1xx_HAL_Driver/Src/stm32f1xx_hal_tim.o
 .ARM.attributes
                0x00000215       0x33 Drivers/STM32F1xx_HAL_Driver/Src/stm32f1xx_hal_tim_ex.o
 .ARM.attributes
                0x00000248       0x21 startup/startup_stm32f103xb.o
 .ARM.attributes
                0x00000269       0x2d c:/ac6/systemworkbench/plugins/fr.ac6.mcu.externaltools.arm-none.win32_1.17.0.201812190825/tools/compiler/bin/../lib/gcc/arm-none-eabi/7.3.1/../../../../arm-none-eabi/lib/thumb/v7-m\libc_nano.a(lib_a-init.o)
 .ARM.attributes
                0x00000296       0x2d c:/ac6/systemworkbench/plugins/fr.ac6.mcu.externaltools.arm-none.win32_1.17.0.201812190825/tools/compiler/bin/../lib/gcc/arm-none-eabi/7.3.1/../../../../arm-none-eabi/lib/thumb/v7-m\libc_nano.a(lib_a-memset.o)
 .ARM.attributes
                0x000002c3       0x1d c:/ac6/systemworkbench/plugins/fr.ac6.mcu.externaltools.arm-none.win32_1.17.0.201812190825/tools/compiler/bin/../lib/gcc/arm-none-eabi/7.3.1/thumb/v7-m/crtn.o
OUTPUT(PWM.elf elf32-littlearm)

.debug_info     0x00000000     0x8d2d
 .debug_info    0x00000000      0xcc8 Core/Src/main.o
 .debug_info    0x00000cc8      0x998 Core/Src/stm32f1xx_hal_msp.o
 .debug_info    0x00001660      0x224 Core/Src/stm32f1xx_it.o
 .debug_info    0x00001884      0x29d Core/Src/system_stm32f1xx.o
 .debug_info    0x00001b21      0x7c0 Drivers/STM32F1xx_HAL_Driver/Src/stm32f1xx_hal.o
 .debug_info    0x000022e1      0xcb5 Drivers/STM32F1xx_HAL_Driver/Src/stm32f1xx_hal_cortex.o
 .debug_info    0x00002f96      0x6ab Drivers/STM32F1xx_HAL_Driver/Src/stm32f1xx_hal_gpio.o
 .debug_info    0x00003641      0x9ef Drivers/STM32F1xx_HAL_Driver/Src/stm32f1xx_hal_rcc.o
 .debug_info    0x00004030     0x3554 Drivers/STM32F1xx_HAL_Driver/Src/stm32f1xx_hal_tim.o
 .debug_info    0x00007584     0x1787 Drivers/STM32F1xx_HAL_Driver/Src/stm32f1xx_hal_tim_ex.o
 .debug_info    0x00008d0b       0x22 startup/startup_stm32f103xb.o

.debug_abbrev   0x00000000     0x13b4
 .debug_abbrev  0x00000000      0x22c Core/Src/main.o
 .debug_abbrev  0x0000022c      0x1bc Core/Src/stm32f1xx_hal_msp.o
 .debug_abbrev  0x000003e8       0xe4 Core/Src/stm32f1xx_it.o
 .debug_abbrev  0x000004cc      0x134 Core/Src/system_stm32f1xx.o
 .debug_abbrev  0x00000600      0x1ed Drivers/STM32F1xx_HAL_Driver/Src/stm32f1xx_hal.o
 .debug_abbrev  0x000007ed      0x303 Drivers/STM32F1xx_HAL_Driver/Src/stm32f1xx_hal_cortex.o
 .debug_abbrev  0x00000af0      0x1de Drivers/STM32F1xx_HAL_Driver/Src/stm32f1xx_hal_gpio.o
 .debug_abbrev  0x00000cce      0x257 Drivers/STM32F1xx_HAL_Driver/Src/stm32f1xx_hal_rcc.o
 .debug_abbrev  0x00000f25      0x237 Drivers/STM32F1xx_HAL_Driver/Src/stm32f1xx_hal_tim.o
 .debug_abbrev  0x0000115c      0x246 Drivers/STM32F1xx_HAL_Driver/Src/stm32f1xx_hal_tim_ex.o
 .debug_abbrev  0x000013a2       0x12 startup/startup_stm32f103xb.o

.debug_aranges  0x00000000      0x8c0
 .debug_aranges
                0x00000000       0x48 Core/Src/main.o
 .debug_aranges
                0x00000048       0x38 Core/Src/stm32f1xx_hal_msp.o
 .debug_aranges
                0x00000080       0x60 Core/Src/stm32f1xx_it.o
 .debug_aranges
                0x000000e0       0x28 Core/Src/system_stm32f1xx.o
 .debug_aranges
                0x00000108       0xe0 Drivers/STM32F1xx_HAL_Driver/Src/stm32f1xx_hal.o
 .debug_aranges
                0x000001e8       0x90 Drivers/STM32F1xx_HAL_Driver/Src/stm32f1xx_hal_cortex.o
 .debug_aranges
                0x00000278       0x58 Drivers/STM32F1xx_HAL_Driver/Src/stm32f1xx_hal_gpio.o
 .debug_aranges
                0x000002d0       0x90 Drivers/STM32F1xx_HAL_Driver/Src/stm32f1xx_hal_rcc.o
 .debug_aranges
                0x00000360      0x3d0 Drivers/STM32F1xx_HAL_Driver/Src/stm32f1xx_hal_tim.o
 .debug_aranges
                0x00000730      0x168 Drivers/STM32F1xx_HAL_Driver/Src/stm32f1xx_hal_tim_ex.o
 .debug_aranges
                0x00000898       0x28 startup/startup_stm32f103xb.o

.debug_ranges   0x00000000      0x898
 .debug_ranges  0x00000000       0x38 Core/Src/main.o
 .debug_ranges  0x00000038       0x28 Core/Src/stm32f1xx_hal_msp.o
 .debug_ranges  0x00000060       0x50 Core/Src/stm32f1xx_it.o
 .debug_ranges  0x000000b0       0x18 Core/Src/system_stm32f1xx.o
 .debug_ranges  0x000000c8       0xd0 Drivers/STM32F1xx_HAL_Driver/Src/stm32f1xx_hal.o
 .debug_ranges  0x00000198       0xe0 Drivers/STM32F1xx_HAL_Driver/Src/stm32f1xx_hal_cortex.o
 .debug_ranges  0x00000278       0x48 Drivers/STM32F1xx_HAL_Driver/Src/stm32f1xx_hal_gpio.o
 .debug_ranges  0x000002c0       0xa0 Drivers/STM32F1xx_HAL_Driver/Src/stm32f1xx_hal_rcc.o
 .debug_ranges  0x00000360      0x3c0 Drivers/STM32F1xx_HAL_Driver/Src/stm32f1xx_hal_tim.o
 .debug_ranges  0x00000720      0x158 Drivers/STM32F1xx_HAL_Driver/Src/stm32f1xx_hal_tim_ex.o
 .debug_ranges  0x00000878       0x20 startup/startup_stm32f103xb.o

.debug_macro    0x00000000    0x16502
 .debug_macro   0x00000000      0x1a3 Core/Src/main.o
 .debug_macro   0x000001a3      0xa54 Core/Src/main.o
 .debug_macro   0x00000bf7      0x215 Core/Src/main.o
 .debug_macro   0x00000e0c       0x2e Core/Src/main.o
 .debug_macro   0x00000e3a       0x22 Core/Src/main.o
 .debug_macro   0x00000e5c       0x22 Core/Src/main.o
 .debug_macro   0x00000e7e       0x8e Core/Src/main.o
 .debug_macro   0x00000f0c       0x51 Core/Src/main.o
 .debug_macro   0x00000f5d       0xef Core/Src/main.o
 .debug_macro   0x0000104c       0x6a Core/Src/main.o
 .debug_macro   0x000010b6      0x1df Core/Src/main.o
 .debug_macro   0x00001295       0x1c Core/Src/main.o
 .debug_macro   0x000012b1       0x22 Core/Src/main.o
 .debug_macro   0x000012d3       0xc3 Core/Src/main.o
 .debug_macro   0x00001396      0xd23 Core/Src/main.o
 .debug_macro   0x000020b9     0xe097 Core/Src/main.o
 .debug_macro   0x00010150       0x43 Core/Src/main.o
 .debug_macro   0x00010193     0x3468 Core/Src/main.o
 .debug_macro   0x000135fb      0x174 Core/Src/main.o
 .debug_macro   0x0001376f       0x5c Core/Src/main.o
 .debug_macro   0x000137cb      0x5be Core/Src/main.o
 .debug_macro   0x00013d89      0x289 Core/Src/main.o
 .debug_macro   0x00014012      0x1cb Core/Src/main.o
 .debug_macro   0x000141dd      0x114 Core/Src/main.o
 .debug_macro   0x000142f1      0x1b2 Core/Src/main.o
 .debug_macro   0x000144a3       0x27 Core/Src/main.o
 .debug_macro   0x000144ca      0x136 Core/Src/main.o
 .debug_macro   0x00014600      0x1bc Core/Src/main.o
 .debug_macro   0x000147bc       0x34 Core/Src/main.o
 .debug_macro   0x000147f0       0x3c Core/Src/main.o
 .debug_macro   0x0001482c       0x57 Core/Src/main.o
 .debug_macro   0x00014883       0x88 Core/Src/main.o
 .debug_macro   0x0001490b      0x241 Core/Src/main.o
 .debug_macro   0x00014b4c      0x141 Core/Src/main.o
 .debug_macro   0x00014c8d      0x8d1 Core/Src/main.o
 .debug_macro   0x0001555e       0x83 Core/Src/main.o
 .debug_macro   0x000155e1      0x1a3 Core/Src/stm32f1xx_hal_msp.o
 .debug_macro   0x00015784      0x1ad Core/Src/stm32f1xx_it.o
 .debug_macro   0x00015931      0x199 Core/Src/system_stm32f1xx.o
 .debug_macro   0x00015aca      0x1bd Drivers/STM32F1xx_HAL_Driver/Src/stm32f1xx_hal.o
 .debug_macro   0x00015c87      0x199 Drivers/STM32F1xx_HAL_Driver/Src/stm32f1xx_hal_cortex.o
 .debug_macro   0x00015e20      0x204 Drivers/STM32F1xx_HAL_Driver/Src/stm32f1xx_hal_gpio.o
 .debug_macro   0x00016024      0x1ab Drivers/STM32F1xx_HAL_Driver/Src/stm32f1xx_hal_rcc.o
 .debug_macro   0x000161cf      0x19a Drivers/STM32F1xx_HAL_Driver/Src/stm32f1xx_hal_tim.o
 .debug_macro   0x00016369      0x199 Drivers/STM32F1xx_HAL_Driver/Src/stm32f1xx_hal_tim_ex.o

.debug_line     0x00000000     0x71ec
 .debug_line    0x00000000      0x711 Core/Src/main.o
 .debug_line    0x00000711      0x6b5 Core/Src/stm32f1xx_hal_msp.o
 .debug_line    0x00000dc6      0x6fb Core/Src/stm32f1xx_it.o
 .debug_line    0x000014c1      0x695 Core/Src/system_stm32f1xx.o
 .debug_line    0x00001b56      0x83f Drivers/STM32F1xx_HAL_Driver/Src/stm32f1xx_hal.o
 .debug_line    0x00002395      0x84e Drivers/STM32F1xx_HAL_Driver/Src/stm32f1xx_hal_cortex.o
 .debug_line    0x00002be3      0x810 Drivers/STM32F1xx_HAL_Driver/Src/stm32f1xx_hal_gpio.o
 .debug_line    0x000033f3      0x949 Drivers/STM32F1xx_HAL_Driver/Src/stm32f1xx_hal_rcc.o
 .debug_line    0x00003d3c     0x2143 Drivers/STM32F1xx_HAL_Driver/Src/stm32f1xx_hal_tim.o
 .debug_line    0x00005e7f     0x12f0 Drivers/STM32F1xx_HAL_Driver/Src/stm32f1xx_hal_tim_ex.o
 .debug_line    0x0000716f       0x7d startup/startup_stm32f103xb.o

.debug_str      0x00000000    0x83981
 .debug_str     0x00000000    0x81783 Core/Src/main.o
                              0x81b79 (size before relaxing)
 .debug_str     0x00081783       0xe6 Core/Src/stm32f1xx_hal_msp.o
                              0x818af (size before relaxing)
 .debug_str     0x00081869       0xc9 Core/Src/stm32f1xx_it.o
                              0x81370 (size before relaxing)
 .debug_str     0x00081932       0x52 Core/Src/system_stm32f1xx.o
                              0x81334 (size before relaxing)
 .debug_str     0x00081984      0x58e Drivers/STM32F1xx_HAL_Driver/Src/stm32f1xx_hal.o
                              0x81a0a (size before relaxing)
 .debug_str     0x00081f12      0x2bb Drivers/STM32F1xx_HAL_Driver/Src/stm32f1xx_hal_cortex.o
                              0x819cd (size before relaxing)
 .debug_str     0x000821cd      0x332 Drivers/STM32F1xx_HAL_Driver/Src/stm32f1xx_hal_gpio.o
                              0x816f8 (size before relaxing)
 .debug_str     0x000824ff      0x229 Drivers/STM32F1xx_HAL_Driver/Src/stm32f1xx_hal_rcc.o
                              0x81758 (size before relaxing)
 .debug_str     0x00082728      0xd51 Drivers/STM32F1xx_HAL_Driver/Src/stm32f1xx_hal_tim.o
                              0x82756 (size before relaxing)
 .debug_str     0x00083479      0x4d9 Drivers/STM32F1xx_HAL_Driver/Src/stm32f1xx_hal_tim_ex.o
                              0x81f80 (size before relaxing)
 .debug_str     0x00083952       0x2f startup/startup_stm32f103xb.o
                                 0x60 (size before relaxing)

.comment        0x00000000       0x7f
 .comment       0x00000000       0x7f Core/Src/main.o
                                 0x80 (size before relaxing)
 .comment       0x0000007f       0x80 Core/Src/stm32f1xx_hal_msp.o
 .comment       0x0000007f       0x80 Core/Src/stm32f1xx_it.o
 .comment       0x0000007f       0x80 Core/Src/system_stm32f1xx.o
 .comment       0x0000007f       0x80 Drivers/STM32F1xx_HAL_Driver/Src/stm32f1xx_hal.o
 .comment       0x0000007f       0x80 Drivers/STM32F1xx_HAL_Driver/Src/stm32f1xx_hal_cortex.o
 .comment       0x0000007f       0x80 Drivers/STM32F1xx_HAL_Driver/Src/stm32f1xx_hal_gpio.o
 .comment       0x0000007f       0x80 Drivers/STM32F1xx_HAL_Driver/Src/stm32f1xx_hal_rcc.o
 .comment       0x0000007f       0x80 Drivers/STM32F1xx_HAL_Driver/Src/stm32f1xx_hal_tim.o
 .comment       0x0000007f       0x80 Drivers/STM32F1xx_HAL_Driver/Src/stm32f1xx_hal_tim_ex.o

.debug_frame    0x00000000     0x17c8
 .debug_frame   0x00000000       0xbc Core/Src/main.o
 .debug_frame   0x000000bc       0x70 Core/Src/stm32f1xx_hal_msp.o
 .debug_frame   0x0000012c       0xa8 Core/Src/stm32f1xx_it.o
 .debug_frame   0x000001d4       0x30 Core/Src/system_stm32f1xx.o
 .debug_frame   0x00000204      0x1cc Drivers/STM32F1xx_HAL_Driver/Src/stm32f1xx_hal.o
 .debug_frame   0x000003d0      0x12c Drivers/STM32F1xx_HAL_Driver/Src/stm32f1xx_hal_cortex.o
 .debug_frame   0x000004fc       0xe8 Drivers/STM32F1xx_HAL_Driver/Src/stm32f1xx_hal_gpio.o
 .debug_frame   0x000005e4      0x198 Drivers/STM32F1xx_HAL_Driver/Src/stm32f1xx_hal_rcc.o
 .debug_frame   0x0000077c      0xb8c Drivers/STM32F1xx_HAL_Driver/Src/stm32f1xx_hal_tim.o
 .debug_frame   0x00001308      0x474 Drivers/STM32F1xx_HAL_Driver/Src/stm32f1xx_hal_tim_ex.o
 .debug_frame   0x0000177c       0x2c c:/ac6/systemworkbench/plugins/fr.ac6.mcu.externaltools.arm-none.win32_1.17.0.201812190825/tools/compiler/bin/../lib/gcc/arm-none-eabi/7.3.1/../../../../arm-none-eabi/lib/thumb/v7-m\libc_nano.a(lib_a-init.o)
 .debug_frame   0x000017a8       0x20 c:/ac6/systemworkbench/plugins/fr.ac6.mcu.externaltools.arm-none.win32_1.17.0.201812190825/tools/compiler/bin/../lib/gcc/arm-none-eabi/7.3.1/../../../../arm-none-eabi/lib/thumb/v7-m\libc_nano.a(lib_a-memset.o)

.debug_loc      0x00000000     0x719f
 .debug_loc     0x00000000       0x3a Core/Src/stm32f1xx_hal_msp.o
 .debug_loc     0x0000003a       0xdf Core/Src/system_stm32f1xx.o
 .debug_loc     0x00000119      0x11b Drivers/STM32F1xx_HAL_Driver/Src/stm32f1xx_hal.o
 .debug_loc     0x00000234      0x5ad Drivers/STM32F1xx_HAL_Driver/Src/stm32f1xx_hal_cortex.o
 .debug_loc     0x000007e1      0x3d8 Drivers/STM32F1xx_HAL_Driver/Src/stm32f1xx_hal_gpio.o
 .debug_loc     0x00000bb9      0x4bb Drivers/STM32F1xx_HAL_Driver/Src/stm32f1xx_hal_rcc.o
 .debug_loc     0x00001074     0x46c3 Drivers/STM32F1xx_HAL_Driver/Src/stm32f1xx_hal_tim.o
 .debug_loc     0x00005737     0x1a68 Drivers/STM32F1xx_HAL_Driver/Src/stm32f1xx_hal_tim_ex.o
